---
source: crates/atopile_parser/tests/lexer.rs
expression: output
---
(
    [
        Spanned(
            Component,
            0..9,
        ),
        Spanned(
            Name(
                "NPN",
            ),
            10..13,
        ),
        Spanned(
            Colon,
            13..14,
        ),
        Spanned(
            Newline,
            14..15,
        ),
        Spanned(
            Indent,
            15..15,
        ),
        Spanned(
            Signal,
            19..25,
        ),
        Spanned(
            Name(
                "base",
            ),
            26..30,
        ),
        Spanned(
            Tilde,
            31..32,
        ),
        Spanned(
            Pin,
            33..36,
        ),
        Spanned(
            Number(
                "1",
            ),
            37..38,
        ),
        Spanned(
            Newline,
            38..39,
        ),
        Spanned(
            Signal,
            43..49,
        ),
        Spanned(
            Name(
                "collector",
            ),
            50..59,
        ),
        Spanned(
            Tilde,
            60..61,
        ),
        Spanned(
            Pin,
            62..65,
        ),
        Spanned(
            Number(
                "2",
            ),
            66..67,
        ),
        Spanned(
            Newline,
            67..68,
        ),
        Spanned(
            Signal,
            72..78,
        ),
        Spanned(
            Name(
                "emitter",
            ),
            79..86,
        ),
        Spanned(
            Tilde,
            87..88,
        ),
        Spanned(
            Pin,
            89..92,
        ),
        Spanned(
            Number(
                "3",
            ),
            93..94,
        ),
        Spanned(
            Newline,
            94..95,
        ),
        Spanned(
            Name(
                "designator_prefix",
            ),
            99..116,
        ),
        Spanned(
            Equals,
            117..118,
        ),
        Spanned(
            String(
                "Q",
            ),
            119..122,
        ),
        Spanned(
            Newline,
            122..123,
        ),
        Spanned(
            Newline,
            123..124,
        ),
        Spanned(
            Dedent,
            124..124,
        ),
        Spanned(
            Component,
            124..133,
        ),
        Spanned(
            Name(
                "PNP",
            ),
            134..137,
        ),
        Spanned(
            Colon,
            137..138,
        ),
        Spanned(
            Newline,
            138..139,
        ),
        Spanned(
            Indent,
            139..139,
        ),
        Spanned(
            Signal,
            143..149,
        ),
        Spanned(
            Name(
                "base",
            ),
            150..154,
        ),
        Spanned(
            Newline,
            154..155,
        ),
        Spanned(
            Signal,
            159..165,
        ),
        Spanned(
            Name(
                "collector",
            ),
            166..175,
        ),
        Spanned(
            Newline,
            175..176,
        ),
        Spanned(
            Signal,
            180..186,
        ),
        Spanned(
            Name(
                "emitter",
            ),
            187..194,
        ),
        Spanned(
            Newline,
            194..195,
        ),
        Spanned(
            Name(
                "designator_prefix",
            ),
            199..216,
        ),
        Spanned(
            Equals,
            217..218,
        ),
        Spanned(
            String(
                "Q",
            ),
            219..222,
        ),
        Spanned(
            Newline,
            222..223,
        ),
        Spanned(
            Newline,
            223..224,
        ),
        Spanned(
            Dedent,
            224..224,
        ),
        Spanned(
            Component,
            224..233,
        ),
        Spanned(
            Name(
                "Triac",
            ),
            234..239,
        ),
        Spanned(
            Colon,
            239..240,
        ),
        Spanned(
            Newline,
            240..241,
        ),
        Spanned(
            Indent,
            241..241,
        ),
        Spanned(
            Signal,
            245..251,
        ),
        Spanned(
            Name(
                "MT1",
            ),
            252..255,
        ),
        Spanned(
            Newline,
            255..256,
        ),
        Spanned(
            Signal,
            260..266,
        ),
        Spanned(
            Name(
                "MT2",
            ),
            267..270,
        ),
        Spanned(
            Newline,
            270..271,
        ),
        Spanned(
            Signal,
            275..281,
        ),
        Spanned(
            Name(
                "gate",
            ),
            282..286,
        ),
        Spanned(
            Newline,
            286..287,
        ),
        Spanned(
            Name(
                "designator_prefix",
            ),
            291..308,
        ),
        Spanned(
            Equals,
            309..310,
        ),
        Spanned(
            String(
                "TR",
            ),
            311..315,
        ),
        Spanned(
            Dedent,
            315..315,
        ),
    ],
    [],
)
