---
source: crates/atopile_parser/tests/parser.rs
expression: output
---
(
    [
        Spanned(
            Block(
                BlockStmt {
                    kind: Spanned(
                        Component,
                        0..9,
                    ),
                    name: Spanned(
                        Symbol(
                            "NPN",
                        ),
                        10..13,
                    ),
                    parent: None,
                    body: [
                        Spanned(
                            Connect(
                                ConnectStmt {
                                    left: Spanned(
                                        Signal(
                                            Spanned(
                                                "base",
                                                26..30,
                                            ),
                                        ),
                                        19..30,
                                    ),
                                    right: Spanned(
                                        Pin(
                                            Spanned(
                                                "1",
                                                37..38,
                                            ),
                                        ),
                                        33..38,
                                    ),
                                },
                            ),
                            19..38,
                        ),
                        Spanned(
                            Connect(
                                ConnectStmt {
                                    left: Spanned(
                                        Signal(
                                            Spanned(
                                                "collector",
                                                50..59,
                                            ),
                                        ),
                                        43..59,
                                    ),
                                    right: Spanned(
                                        Pin(
                                            Spanned(
                                                "2",
                                                66..67,
                                            ),
                                        ),
                                        62..67,
                                    ),
                                },
                            ),
                            43..67,
                        ),
                        Spanned(
                            Connect(
                                ConnectStmt {
                                    left: Spanned(
                                        Signal(
                                            Spanned(
                                                "emitter",
                                                79..86,
                                            ),
                                        ),
                                        72..86,
                                    ),
                                    right: Spanned(
                                        Pin(
                                            Spanned(
                                                "3",
                                                93..94,
                                            ),
                                        ),
                                        89..94,
                                    ),
                                },
                            ),
                            72..94,
                        ),
                        Spanned(
                            Assign(
                                AssignStmt {
                                    target: Spanned(
                                        PortRef {
                                            parts: [
                                                Spanned(
                                                    "designator_prefix",
                                                    99..116,
                                                ),
                                            ],
                                        },
                                        99..116,
                                    ),
                                    type_info: None,
                                    value: Spanned(
                                        String(
                                            Spanned(
                                                "Q",
                                                119..122,
                                            ),
                                        ),
                                        119..122,
                                    ),
                                },
                            ),
                            99..122,
                        ),
                    ],
                },
            ),
            0..124,
        ),
        Spanned(
            Block(
                BlockStmt {
                    kind: Spanned(
                        Component,
                        124..133,
                    ),
                    name: Spanned(
                        Symbol(
                            "PNP",
                        ),
                        134..137,
                    ),
                    parent: None,
                    body: [
                        Spanned(
                            Signal(
                                SignalStmt {
                                    name: Spanned(
                                        Symbol(
                                            "base",
                                        ),
                                        150..154,
                                    ),
                                },
                            ),
                            143..154,
                        ),
                        Spanned(
                            Signal(
                                SignalStmt {
                                    name: Spanned(
                                        Symbol(
                                            "collector",
                                        ),
                                        166..175,
                                    ),
                                },
                            ),
                            159..175,
                        ),
                        Spanned(
                            Signal(
                                SignalStmt {
                                    name: Spanned(
                                        Symbol(
                                            "emitter",
                                        ),
                                        187..194,
                                    ),
                                },
                            ),
                            180..194,
                        ),
                        Spanned(
                            Assign(
                                AssignStmt {
                                    target: Spanned(
                                        PortRef {
                                            parts: [
                                                Spanned(
                                                    "designator_prefix",
                                                    199..216,
                                                ),
                                            ],
                                        },
                                        199..216,
                                    ),
                                    type_info: None,
                                    value: Spanned(
                                        String(
                                            Spanned(
                                                "Q",
                                                219..222,
                                            ),
                                        ),
                                        219..222,
                                    ),
                                },
                            ),
                            199..222,
                        ),
                    ],
                },
            ),
            124..224,
        ),
        Spanned(
            Block(
                BlockStmt {
                    kind: Spanned(
                        Component,
                        224..233,
                    ),
                    name: Spanned(
                        Symbol(
                            "Triac",
                        ),
                        234..239,
                    ),
                    parent: None,
                    body: [
                        Spanned(
                            Signal(
                                SignalStmt {
                                    name: Spanned(
                                        Symbol(
                                            "MT1",
                                        ),
                                        252..255,
                                    ),
                                },
                            ),
                            245..255,
                        ),
                        Spanned(
                            Signal(
                                SignalStmt {
                                    name: Spanned(
                                        Symbol(
                                            "MT2",
                                        ),
                                        267..270,
                                    ),
                                },
                            ),
                            260..270,
                        ),
                        Spanned(
                            Signal(
                                SignalStmt {
                                    name: Spanned(
                                        Symbol(
                                            "gate",
                                        ),
                                        282..286,
                                    ),
                                },
                            ),
                            275..286,
                        ),
                        Spanned(
                            Assign(
                                AssignStmt {
                                    target: Spanned(
                                        PortRef {
                                            parts: [
                                                Spanned(
                                                    "designator_prefix",
                                                    291..308,
                                                ),
                                            ],
                                        },
                                        291..308,
                                    ),
                                    type_info: None,
                                    value: Spanned(
                                        String(
                                            Spanned(
                                                "TR",
                                                311..315,
                                            ),
                                        ),
                                        311..315,
                                    ),
                                },
                            ),
                            291..315,
                        ),
                    ],
                },
            ),
            224..315,
        ),
    ],
    [],
)
