---
source: crates/atopile_parser/tests/parser.rs
expression: output
---
(
    [
        Spanned(
            DepImport(
                DepImportStmt {
                    name: Spanned(
                        Symbol(
                            "Resistor",
                        ),
                        7..15,
                    ),
                    from_path: Spanned(
                        "resistors.ato",
                        21..36,
                    ),
                },
            ),
            0..36,
        ),
        Spanned(
            DepImport(
                DepImportStmt {
                    name: Spanned(
                        Symbol(
                            "Capacitor",
                        ),
                        44..53,
                    ),
                    from_path: Spanned(
                        "capacitors.ato",
                        59..75,
                    ),
                },
            ),
            37..75,
        ),
        Spanned(
            DepImport(
                DepImportStmt {
                    name: Spanned(
                        Symbol(
                            "Power",
                        ),
                        83..88,
                    ),
                    from_path: Spanned(
                        "interfaces.ato",
                        94..110,
                    ),
                },
            ),
            76..110,
        ),
        Spanned(
            DepImport(
                DepImportStmt {
                    name: Spanned(
                        Symbol(
                            "Pair",
                        ),
                        118..122,
                    ),
                    from_path: Spanned(
                        "interfaces.ato",
                        128..144,
                    ),
                },
            ),
            111..144,
        ),
        Spanned(
            Block(
                BlockStmt {
                    kind: Spanned(
                        Module,
                        146..152,
                    ),
                    name: Spanned(
                        Symbol(
                            "VDiv",
                        ),
                        153..157,
                    ),
                    parent: Some(
                        Spanned(
                            Symbol(
                                "_VDiv",
                            ),
                            163..168,
                        ),
                    ),
                    body: [
                        Spanned(
                            Attribute(
                                AttributeStmt {
                                    name: Spanned(
                                        Symbol(
                                            "r_total",
                                        ),
                                        174..181,
                                    ),
                                    type_info: Spanned(
                                        Symbol(
                                            "resistance",
                                        ),
                                        183..193,
                                    ),
                                },
                            ),
                            174..193,
                        ),
                        Spanned(
                            Comment(
                                CommentStmt {
                                    comment: Spanned(
                                        " ratio: None",
                                        198..211,
                                    ),
                                },
                            ),
                            198..211,
                        ),
                        Spanned(
                            Attribute(
                                AttributeStmt {
                                    name: Spanned(
                                        Symbol(
                                            "v_in",
                                        ),
                                        216..220,
                                    ),
                                    type_info: Spanned(
                                        Symbol(
                                            "voltage",
                                        ),
                                        222..229,
                                    ),
                                },
                            ),
                            216..229,
                        ),
                        Spanned(
                            Attribute(
                                AttributeStmt {
                                    name: Spanned(
                                        Symbol(
                                            "v_out",
                                        ),
                                        234..239,
                                    ),
                                    type_info: Spanned(
                                        Symbol(
                                            "voltage",
                                        ),
                                        241..248,
                                    ),
                                },
                            ),
                            234..248,
                        ),
                        Spanned(
                            Attribute(
                                AttributeStmt {
                                    name: Spanned(
                                        Symbol(
                                            "i_q",
                                        ),
                                        253..256,
                                    ),
                                    type_info: Spanned(
                                        Symbol(
                                            "current",
                                        ),
                                        258..265,
                                    ),
                                },
                            ),
                            253..265,
                        ),
                        Spanned(
                            Assign(
                                AssignStmt {
                                    target: Spanned(
                                        PortRef {
                                            parts: [
                                                Spanned(
                                                    "i_q",
                                                    271..274,
                                                ),
                                            ],
                                        },
                                        271..274,
                                    ),
                                    type_info: None,
                                    value: Spanned(
                                        Physical(
                                            Spanned(
                                                PhysicalValue {
                                                    value: Spanned(
                                                        "100",
                                                        277..280,
                                                    ),
                                                    unit: Some(
                                                        Spanned(
                                                            "uA",
                                                            280..282,
                                                        ),
                                                    ),
                                                    tolerance: Some(
                                                        Spanned(
                                                            Bound {
                                                                min: Spanned(
                                                                    "0",
                                                                    0..0,
                                                                ),
                                                                max: Spanned(
                                                                    "10",
                                                                    286..288,
                                                                ),
                                                            },
                                                            283..290,
                                                        ),
                                                    ),
                                                },
                                                277..290,
                                            ),
                                        ),
                                        277..290,
                                    ),
                                },
                            ),
                            271..290,
                        ),
                        Spanned(
                            Comment(
                                CommentStmt {
                                    comment: Spanned(
                                        " assert r_top.value / r_bottom.value within ratio",
                                        296..346,
                                    ),
                                },
                            ),
                            296..346,
                        ),
                        Spanned(
                            Comment(
                                CommentStmt {
                                    comment: Spanned(
                                        " assert r_top.value + r_bottom.value within r_total",
                                        351..403,
                                    ),
                                },
                            ),
                            351..403,
                        ),
                        Spanned(
                            Assert(
                                AssertStmt {
                                    expr: Spanned(
                                        BinaryOp(
                                            Spanned(
                                                BinaryOp {
                                                    left: Spanned(
                                                        BinaryOp(
                                                            Spanned(
                                                                BinaryOp {
                                                                    left: Spanned(
                                                                        BinaryOp(
                                                                            Spanned(
                                                                                BinaryOp {
                                                                                    left: Spanned(
                                                                                        Port(
                                                                                            Spanned(
                                                                                                PortRef {
                                                                                                    parts: [
                                                                                                        Spanned(
                                                                                                            "v_in",
                                                                                                            415..419,
                                                                                                        ),
                                                                                                    ],
                                                                                                },
                                                                                                415..419,
                                                                                            ),
                                                                                        ),
                                                                                        415..419,
                                                                                    ),
                                                                                    op: Spanned(
                                                                                        Mul,
                                                                                        420..421,
                                                                                    ),
                                                                                    right: Spanned(
                                                                                        Port(
                                                                                            Spanned(
                                                                                                PortRef {
                                                                                                    parts: [
                                                                                                        Spanned(
                                                                                                            "r_bottom",
                                                                                                            422..430,
                                                                                                        ),
                                                                                                        Spanned(
                                                                                                            "value",
                                                                                                            431..436,
                                                                                                        ),
                                                                                                    ],
                                                                                                },
                                                                                                422..436,
                                                                                            ),
                                                                                        ),
                                                                                        422..436,
                                                                                    ),
                                                                                },
                                                                                415..436,
                                                                            ),
                                                                        ),
                                                                        415..436,
                                                                    ),
                                                                    op: Spanned(
                                                                        Div,
                                                                        437..438,
                                                                    ),
                                                                    right: Spanned(
                                                                        BinaryOp(
                                                                            Spanned(
                                                                                BinaryOp {
                                                                                    left: Spanned(
                                                                                        Port(
                                                                                            Spanned(
                                                                                                PortRef {
                                                                                                    parts: [
                                                                                                        Spanned(
                                                                                                            "r_top",
                                                                                                            440..445,
                                                                                                        ),
                                                                                                        Spanned(
                                                                                                            "value",
                                                                                                            446..451,
                                                                                                        ),
                                                                                                    ],
                                                                                                },
                                                                                                440..451,
                                                                                            ),
                                                                                        ),
                                                                                        440..451,
                                                                                    ),
                                                                                    op: Spanned(
                                                                                        Add,
                                                                                        452..453,
                                                                                    ),
                                                                                    right: Spanned(
                                                                                        Port(
                                                                                            Spanned(
                                                                                                PortRef {
                                                                                                    parts: [
                                                                                                        Spanned(
                                                                                                            "r_bottom",
                                                                                                            454..462,
                                                                                                        ),
                                                                                                        Spanned(
                                                                                                            "value",
                                                                                                            463..468,
                                                                                                        ),
                                                                                                    ],
                                                                                                },
                                                                                                454..468,
                                                                                            ),
                                                                                        ),
                                                                                        454..468,
                                                                                    ),
                                                                                },
                                                                                440..468,
                                                                            ),
                                                                        ),
                                                                        440..468,
                                                                    ),
                                                                },
                                                                415..469,
                                                            ),
                                                        ),
                                                        415..469,
                                                    ),
                                                    op: Spanned(
                                                        Within,
                                                        470..476,
                                                    ),
                                                    right: Spanned(
                                                        Port(
                                                            Spanned(
                                                                PortRef {
                                                                    parts: [
                                                                        Spanned(
                                                                            "v_out",
                                                                            477..482,
                                                                        ),
                                                                    ],
                                                                },
                                                                477..482,
                                                            ),
                                                        ),
                                                        477..482,
                                                    ),
                                                },
                                                415..482,
                                            ),
                                        ),
                                        415..482,
                                    ),
                                },
                            ),
                            408..482,
                        ),
                        Spanned(
                            Assert(
                                AssertStmt {
                                    expr: Spanned(
                                        BinaryOp(
                                            Spanned(
                                                BinaryOp {
                                                    left: Spanned(
                                                        BinaryOp(
                                                            Spanned(
                                                                BinaryOp {
                                                                    left: Spanned(
                                                                        Port(
                                                                            Spanned(
                                                                                PortRef {
                                                                                    parts: [
                                                                                        Spanned(
                                                                                            "v_in",
                                                                                            494..498,
                                                                                        ),
                                                                                    ],
                                                                                },
                                                                                494..498,
                                                                            ),
                                                                        ),
                                                                        494..498,
                                                                    ),
                                                                    op: Spanned(
                                                                        Div,
                                                                        499..500,
                                                                    ),
                                                                    right: Spanned(
                                                                        BinaryOp(
                                                                            Spanned(
                                                                                BinaryOp {
                                                                                    left: Spanned(
                                                                                        Port(
                                                                                            Spanned(
                                                                                                PortRef {
                                                                                                    parts: [
                                                                                                        Spanned(
                                                                                                            "r_bottom",
                                                                                                            502..510,
                                                                                                        ),
                                                                                                        Spanned(
                                                                                                            "value",
                                                                                                            511..516,
                                                                                                        ),
                                                                                                    ],
                                                                                                },
                                                                                                502..516,
                                                                                            ),
                                                                                        ),
                                                                                        502..516,
                                                                                    ),
                                                                                    op: Spanned(
                                                                                        Add,
                                                                                        517..518,
                                                                                    ),
                                                                                    right: Spanned(
                                                                                        Port(
                                                                                            Spanned(
                                                                                                PortRef {
                                                                                                    parts: [
                                                                                                        Spanned(
                                                                                                            "r_top",
                                                                                                            519..524,
                                                                                                        ),
                                                                                                        Spanned(
                                                                                                            "value",
                                                                                                            525..530,
                                                                                                        ),
                                                                                                    ],
                                                                                                },
                                                                                                519..530,
                                                                                            ),
                                                                                        ),
                                                                                        519..530,
                                                                                    ),
                                                                                },
                                                                                502..530,
                                                                            ),
                                                                        ),
                                                                        502..530,
                                                                    ),
                                                                },
                                                                494..531,
                                                            ),
                                                        ),
                                                        494..531,
                                                    ),
                                                    op: Spanned(
                                                        Within,
                                                        532..538,
                                                    ),
                                                    right: Spanned(
                                                        Port(
                                                            Spanned(
                                                                PortRef {
                                                                    parts: [
                                                                        Spanned(
                                                                            "i_q",
                                                                            539..542,
                                                                        ),
                                                                    ],
                                                                },
                                                                539..542,
                                                            ),
                                                        ),
                                                        539..542,
                                                    ),
                                                },
                                                494..542,
                                            ),
                                        ),
                                        494..542,
                                    ),
                                },
                            ),
                            487..542,
                        ),
                    ],
                },
            ),
            146..545,
        ),
        Spanned(
            Block(
                BlockStmt {
                    kind: Spanned(
                        Module,
                        545..551,
                    ),
                    name: Spanned(
                        Symbol(
                            "_VDiv",
                        ),
                        552..557,
                    ),
                    parent: None,
                    body: [
                        Spanned(
                            Signal(
                                SignalStmt {
                                    name: Spanned(
                                        Symbol(
                                            "top",
                                        ),
                                        570..573,
                                    ),
                                },
                            ),
                            563..573,
                        ),
                        Spanned(
                            Signal(
                                SignalStmt {
                                    name: Spanned(
                                        Symbol(
                                            "out",
                                        ),
                                        585..588,
                                    ),
                                },
                            ),
                            578..588,
                        ),
                        Spanned(
                            Signal(
                                SignalStmt {
                                    name: Spanned(
                                        Symbol(
                                            "bottom",
                                        ),
                                        600..606,
                                    ),
                                },
                            ),
                            593..606,
                        ),
                        Spanned(
                            Assign(
                                AssignStmt {
                                    target: Spanned(
                                        PortRef {
                                            parts: [
                                                Spanned(
                                                    "output",
                                                    612..618,
                                                ),
                                            ],
                                        },
                                        612..618,
                                    ),
                                    type_info: None,
                                    value: Spanned(
                                        New(
                                            Spanned(
                                                Symbol(
                                                    "Pair",
                                                ),
                                                625..629,
                                            ),
                                        ),
                                        621..629,
                                    ),
                                },
                            ),
                            612..629,
                        ),
                        Spanned(
                            Connect(
                                ConnectStmt {
                                    left: Spanned(
                                        Port(
                                            Spanned(
                                                PortRef {
                                                    parts: [
                                                        Spanned(
                                                            "output",
                                                            634..640,
                                                        ),
                                                        Spanned(
                                                            "io",
                                                            641..643,
                                                        ),
                                                    ],
                                                },
                                                634..643,
                                            ),
                                        ),
                                        634..643,
                                    ),
                                    right: Spanned(
                                        Port(
                                            Spanned(
                                                PortRef {
                                                    parts: [
                                                        Spanned(
                                                            "out",
                                                            646..649,
                                                        ),
                                                    ],
                                                },
                                                646..649,
                                            ),
                                        ),
                                        646..649,
                                    ),
                                },
                            ),
                            634..649,
                        ),
                        Spanned(
                            Connect(
                                ConnectStmt {
                                    left: Spanned(
                                        Port(
                                            Spanned(
                                                PortRef {
                                                    parts: [
                                                        Spanned(
                                                            "output",
                                                            654..660,
                                                        ),
                                                        Spanned(
                                                            "gnd",
                                                            661..664,
                                                        ),
                                                    ],
                                                },
                                                654..664,
                                            ),
                                        ),
                                        654..664,
                                    ),
                                    right: Spanned(
                                        Port(
                                            Spanned(
                                                PortRef {
                                                    parts: [
                                                        Spanned(
                                                            "bottom",
                                                            667..673,
                                                        ),
                                                    ],
                                                },
                                                667..673,
                                            ),
                                        ),
                                        667..673,
                                    ),
                                },
                            ),
                            654..673,
                        ),
                        Spanned(
                            Assign(
                                AssignStmt {
                                    target: Spanned(
                                        PortRef {
                                            parts: [
                                                Spanned(
                                                    "in",
                                                    679..681,
                                                ),
                                            ],
                                        },
                                        679..681,
                                    ),
                                    type_info: None,
                                    value: Spanned(
                                        New(
                                            Spanned(
                                                Symbol(
                                                    "Power",
                                                ),
                                                688..693,
                                            ),
                                        ),
                                        684..693,
                                    ),
                                },
                            ),
                            679..693,
                        ),
                        Spanned(
                            Comment(
                                CommentStmt {
                                    comment: Spanned(
                                        " legacy",
                                        694..702,
                                    ),
                                },
                            ),
                            694..702,
                        ),
                        Spanned(
                            Assign(
                                AssignStmt {
                                    target: Spanned(
                                        PortRef {
                                            parts: [
                                                Spanned(
                                                    "power",
                                                    707..712,
                                                ),
                                            ],
                                        },
                                        707..712,
                                    ),
                                    type_info: None,
                                    value: Spanned(
                                        New(
                                            Spanned(
                                                Symbol(
                                                    "Power",
                                                ),
                                                719..724,
                                            ),
                                        ),
                                        715..724,
                                    ),
                                },
                            ),
                            707..724,
                        ),
                        Spanned(
                            Connect(
                                ConnectStmt {
                                    left: Spanned(
                                        Port(
                                            Spanned(
                                                PortRef {
                                                    parts: [
                                                        Spanned(
                                                            "in",
                                                            729..731,
                                                        ),
                                                    ],
                                                },
                                                729..731,
                                            ),
                                        ),
                                        729..731,
                                    ),
                                    right: Spanned(
                                        Port(
                                            Spanned(
                                                PortRef {
                                                    parts: [
                                                        Spanned(
                                                            "power",
                                                            734..739,
                                                        ),
                                                    ],
                                                },
                                                734..739,
                                            ),
                                        ),
                                        734..739,
                                    ),
                                },
                            ),
                            729..739,
                        ),
                        Spanned(
                            Connect(
                                ConnectStmt {
                                    left: Spanned(
                                        Port(
                                            Spanned(
                                                PortRef {
                                                    parts: [
                                                        Spanned(
                                                            "power",
                                                            744..749,
                                                        ),
                                                        Spanned(
                                                            "vcc",
                                                            750..753,
                                                        ),
                                                    ],
                                                },
                                                744..753,
                                            ),
                                        ),
                                        744..753,
                                    ),
                                    right: Spanned(
                                        Port(
                                            Spanned(
                                                PortRef {
                                                    parts: [
                                                        Spanned(
                                                            "top",
                                                            756..759,
                                                        ),
                                                    ],
                                                },
                                                756..759,
                                            ),
                                        ),
                                        756..759,
                                    ),
                                },
                            ),
                            744..759,
                        ),
                        Spanned(
                            Connect(
                                ConnectStmt {
                                    left: Spanned(
                                        Port(
                                            Spanned(
                                                PortRef {
                                                    parts: [
                                                        Spanned(
                                                            "power",
                                                            764..769,
                                                        ),
                                                        Spanned(
                                                            "gnd",
                                                            770..773,
                                                        ),
                                                    ],
                                                },
                                                764..773,
                                            ),
                                        ),
                                        764..773,
                                    ),
                                    right: Spanned(
                                        Port(
                                            Spanned(
                                                PortRef {
                                                    parts: [
                                                        Spanned(
                                                            "bottom",
                                                            776..782,
                                                        ),
                                                    ],
                                                },
                                                776..782,
                                            ),
                                        ),
                                        776..782,
                                    ),
                                },
                            ),
                            764..782,
                        ),
                        Spanned(
                            Assign(
                                AssignStmt {
                                    target: Spanned(
                                        PortRef {
                                            parts: [
                                                Spanned(
                                                    "r_top",
                                                    788..793,
                                                ),
                                            ],
                                        },
                                        788..793,
                                    ),
                                    type_info: None,
                                    value: Spanned(
                                        New(
                                            Spanned(
                                                Symbol(
                                                    "Resistor",
                                                ),
                                                800..808,
                                            ),
                                        ),
                                        796..808,
                                    ),
                                },
                            ),
                            788..808,
                        ),
                        Spanned(
                            Assign(
                                AssignStmt {
                                    target: Spanned(
                                        PortRef {
                                            parts: [
                                                Spanned(
                                                    "r_bottom",
                                                    813..821,
                                                ),
                                            ],
                                        },
                                        813..821,
                                    ),
                                    type_info: None,
                                    value: Spanned(
                                        New(
                                            Spanned(
                                                Symbol(
                                                    "Resistor",
                                                ),
                                                828..836,
                                            ),
                                        ),
                                        824..836,
                                    ),
                                },
                            ),
                            813..836,
                        ),
                        Spanned(
                            Assign(
                                AssignStmt {
                                    target: Spanned(
                                        PortRef {
                                            parts: [
                                                Spanned(
                                                    "r_top",
                                                    841..846,
                                                ),
                                                Spanned(
                                                    "package",
                                                    847..854,
                                                ),
                                            ],
                                        },
                                        841..854,
                                    ),
                                    type_info: None,
                                    value: Spanned(
                                        String(
                                            Spanned(
                                                "0402",
                                                857..863,
                                            ),
                                        ),
                                        857..863,
                                    ),
                                },
                            ),
                            841..863,
                        ),
                        Spanned(
                            Assign(
                                AssignStmt {
                                    target: Spanned(
                                        PortRef {
                                            parts: [
                                                Spanned(
                                                    "r_bottom",
                                                    868..876,
                                                ),
                                                Spanned(
                                                    "package",
                                                    877..884,
                                                ),
                                            ],
                                        },
                                        868..884,
                                    ),
                                    type_info: None,
                                    value: Spanned(
                                        String(
                                            Spanned(
                                                "0402",
                                                887..893,
                                            ),
                                        ),
                                        887..893,
                                    ),
                                },
                            ),
                            868..893,
                        ),
                        Spanned(
                            Connect(
                                ConnectStmt {
                                    left: Spanned(
                                        Port(
                                            Spanned(
                                                PortRef {
                                                    parts: [
                                                        Spanned(
                                                            "top",
                                                            899..902,
                                                        ),
                                                    ],
                                                },
                                                899..902,
                                            ),
                                        ),
                                        899..902,
                                    ),
                                    right: Spanned(
                                        Port(
                                            Spanned(
                                                PortRef {
                                                    parts: [
                                                        Spanned(
                                                            "r_top",
                                                            905..910,
                                                        ),
                                                        Spanned(
                                                            "1",
                                                            911..912,
                                                        ),
                                                    ],
                                                },
                                                905..912,
                                            ),
                                        ),
                                        905..912,
                                    ),
                                },
                            ),
                            899..912,
                        ),
                        Spanned(
                            Connect(
                                ConnectStmt {
                                    left: Spanned(
                                        Port(
                                            Spanned(
                                                PortRef {
                                                    parts: [
                                                        Spanned(
                                                            "r_top",
                                                            914..919,
                                                        ),
                                                        Spanned(
                                                            "2",
                                                            920..921,
                                                        ),
                                                    ],
                                                },
                                                914..921,
                                            ),
                                        ),
                                        914..921,
                                    ),
                                    right: Spanned(
                                        Port(
                                            Spanned(
                                                PortRef {
                                                    parts: [
                                                        Spanned(
                                                            "r_bottom",
                                                            924..932,
                                                        ),
                                                        Spanned(
                                                            "1",
                                                            933..934,
                                                        ),
                                                    ],
                                                },
                                                924..934,
                                            ),
                                        ),
                                        924..934,
                                    ),
                                },
                            ),
                            914..934,
                        ),
                        Spanned(
                            Connect(
                                ConnectStmt {
                                    left: Spanned(
                                        Port(
                                            Spanned(
                                                PortRef {
                                                    parts: [
                                                        Spanned(
                                                            "r_bottom",
                                                            936..944,
                                                        ),
                                                        Spanned(
                                                            "2",
                                                            945..946,
                                                        ),
                                                    ],
                                                },
                                                936..946,
                                            ),
                                        ),
                                        936..946,
                                    ),
                                    right: Spanned(
                                        Port(
                                            Spanned(
                                                PortRef {
                                                    parts: [
                                                        Spanned(
                                                            "bottom",
                                                            949..955,
                                                        ),
                                                    ],
                                                },
                                                949..955,
                                            ),
                                        ),
                                        949..955,
                                    ),
                                },
                            ),
                            936..955,
                        ),
                        Spanned(
                            Connect(
                                ConnectStmt {
                                    left: Spanned(
                                        Port(
                                            Spanned(
                                                PortRef {
                                                    parts: [
                                                        Spanned(
                                                            "r_top",
                                                            960..965,
                                                        ),
                                                        Spanned(
                                                            "2",
                                                            966..967,
                                                        ),
                                                    ],
                                                },
                                                960..967,
                                            ),
                                        ),
                                        960..967,
                                    ),
                                    right: Spanned(
                                        Port(
                                            Spanned(
                                                PortRef {
                                                    parts: [
                                                        Spanned(
                                                            "out",
                                                            970..973,
                                                        ),
                                                    ],
                                                },
                                                970..973,
                                            ),
                                        ),
                                        970..973,
                                    ),
                                },
                            ),
                            960..973,
                        ),
                    ],
                },
            ),
            545..975,
        ),
        Spanned(
            Block(
                BlockStmt {
                    kind: Spanned(
                        Module,
                        975..981,
                    ),
                    name: Spanned(
                        Symbol(
                            "VDivLowPassFilter",
                        ),
                        982..999,
                    ),
                    parent: Some(
                        Spanned(
                            Symbol(
                                "VDiv",
                            ),
                            1005..1009,
                        ),
                    ),
                    body: [
                        Spanned(
                            Assign(
                                AssignStmt {
                                    target: Spanned(
                                        PortRef {
                                            parts: [
                                                Spanned(
                                                    "cap",
                                                    1015..1018,
                                                ),
                                            ],
                                        },
                                        1015..1018,
                                    ),
                                    type_info: None,
                                    value: Spanned(
                                        New(
                                            Spanned(
                                                Symbol(
                                                    "Capacitor",
                                                ),
                                                1025..1034,
                                            ),
                                        ),
                                        1021..1034,
                                    ),
                                },
                            ),
                            1015..1034,
                        ),
                        Spanned(
                            Assign(
                                AssignStmt {
                                    target: Spanned(
                                        PortRef {
                                            parts: [
                                                Spanned(
                                                    "cap",
                                                    1039..1042,
                                                ),
                                                Spanned(
                                                    "package",
                                                    1043..1050,
                                                ),
                                            ],
                                        },
                                        1039..1050,
                                    ),
                                    type_info: None,
                                    value: Spanned(
                                        String(
                                            Spanned(
                                                "0402",
                                                1053..1059,
                                            ),
                                        ),
                                        1053..1059,
                                    ),
                                },
                            ),
                            1039..1059,
                        ),
                        Spanned(
                            Attribute(
                                AttributeStmt {
                                    name: Spanned(
                                        Symbol(
                                            "cutoff_frequency",
                                        ),
                                        1064..1080,
                                    ),
                                    type_info: Spanned(
                                        Symbol(
                                            "frequency",
                                        ),
                                        1082..1091,
                                    ),
                                },
                            ),
                            1064..1091,
                        ),
                        Spanned(
                            Connect(
                                ConnectStmt {
                                    left: Spanned(
                                        Port(
                                            Spanned(
                                                PortRef {
                                                    parts: [
                                                        Spanned(
                                                            "out",
                                                            1097..1100,
                                                        ),
                                                    ],
                                                },
                                                1097..1100,
                                            ),
                                        ),
                                        1097..1100,
                                    ),
                                    right: Spanned(
                                        Port(
                                            Spanned(
                                                PortRef {
                                                    parts: [
                                                        Spanned(
                                                            "cap",
                                                            1103..1106,
                                                        ),
                                                        Spanned(
                                                            "1",
                                                            1107..1108,
                                                        ),
                                                    ],
                                                },
                                                1103..1108,
                                            ),
                                        ),
                                        1103..1108,
                                    ),
                                },
                            ),
                            1097..1108,
                        ),
                        Spanned(
                            Connect(
                                ConnectStmt {
                                    left: Spanned(
                                        Port(
                                            Spanned(
                                                PortRef {
                                                    parts: [
                                                        Spanned(
                                                            "cap",
                                                            1110..1113,
                                                        ),
                                                        Spanned(
                                                            "2",
                                                            1114..1115,
                                                        ),
                                                    ],
                                                },
                                                1110..1115,
                                            ),
                                        ),
                                        1110..1115,
                                    ),
                                    right: Spanned(
                                        Port(
                                            Spanned(
                                                PortRef {
                                                    parts: [
                                                        Spanned(
                                                            "bottom",
                                                            1118..1124,
                                                        ),
                                                    ],
                                                },
                                                1118..1124,
                                            ),
                                        ),
                                        1118..1124,
                                    ),
                                },
                            ),
                            1110..1124,
                        ),
                        Spanned(
                            Assign(
                                AssignStmt {
                                    target: Spanned(
                                        PortRef {
                                            parts: [
                                                Spanned(
                                                    "cap",
                                                    1129..1132,
                                                ),
                                                Spanned(
                                                    "value",
                                                    1133..1138,
                                                ),
                                            ],
                                        },
                                        1129..1138,
                                    ),
                                    type_info: None,
                                    value: Spanned(
                                        Physical(
                                            Spanned(
                                                PhysicalValue {
                                                    value: Spanned(
                                                        "100",
                                                        1141..1144,
                                                    ),
                                                    unit: Some(
                                                        Spanned(
                                                            "nF",
                                                            1144..1146,
                                                        ),
                                                    ),
                                                    tolerance: Some(
                                                        Spanned(
                                                            Bilateral {
                                                                value: Spanned(
                                                                    "10",
                                                                    1151..1153,
                                                                ),
                                                                unit: None,
                                                            },
                                                            1147..1154,
                                                        ),
                                                    ),
                                                },
                                                1141..1154,
                                            ),
                                        ),
                                        1141..1154,
                                    ),
                                },
                            ),
                            1129..1154,
                        ),
                        Spanned(
                            Attribute(
                                AttributeStmt {
                                    name: Spanned(
                                        Symbol(
                                            "cutoff_frequency",
                                        ),
                                        1160..1176,
                                    ),
                                    type_info: Spanned(
                                        Symbol(
                                            "frequency",
                                        ),
                                        1178..1187,
                                    ),
                                },
                            ),
                            1160..1187,
                        ),
                        Spanned(
                            Assert(
                                AssertStmt {
                                    expr: Spanned(
                                        BinaryOp(
                                            Spanned(
                                                BinaryOp {
                                                    left: Spanned(
                                                        BinaryOp(
                                                            Spanned(
                                                                BinaryOp {
                                                                    left: Spanned(
                                                                        Physical(
                                                                            Spanned(
                                                                                PhysicalValue {
                                                                                    value: Spanned(
                                                                                        "1",
                                                                                        1200..1201,
                                                                                    ),
                                                                                    unit: None,
                                                                                    tolerance: None,
                                                                                },
                                                                                1200..1201,
                                                                            ),
                                                                        ),
                                                                        1200..1201,
                                                                    ),
                                                                    op: Spanned(
                                                                        Div,
                                                                        1202..1203,
                                                                    ),
                                                                    right: Spanned(
                                                                        BinaryOp(
                                                                            Spanned(
                                                                                BinaryOp {
                                                                                    left: Spanned(
                                                                                        BinaryOp(
                                                                                            Spanned(
                                                                                                BinaryOp {
                                                                                                    left: Spanned(
                                                                                                        BinaryOp(
                                                                                                            Spanned(
                                                                                                                BinaryOp {
                                                                                                                    left: Spanned(
                                                                                                                        Physical(
                                                                                                                            Spanned(
                                                                                                                                PhysicalValue {
                                                                                                                                    value: Spanned(
                                                                                                                                        "2",
                                                                                                                                        1205..1206,
                                                                                                                                    ),
                                                                                                                                    unit: None,
                                                                                                                                    tolerance: None,
                                                                                                                                },
                                                                                                                                1205..1206,
                                                                                                                            ),
                                                                                                                        ),
                                                                                                                        1205..1206,
                                                                                                                    ),
                                                                                                                    op: Spanned(
                                                                                                                        Mul,
                                                                                                                        1207..1208,
                                                                                                                    ),
                                                                                                                    right: Spanned(
                                                                                                                        Physical(
                                                                                                                            Spanned(
                                                                                                                                PhysicalValue {
                                                                                                                                    value: Spanned(
                                                                                                                                        "3.14",
                                                                                                                                        1209..1213,
                                                                                                                                    ),
                                                                                                                                    unit: None,
                                                                                                                                    tolerance: None,
                                                                                                                                },
                                                                                                                                1209..1213,
                                                                                                                            ),
                                                                                                                        ),
                                                                                                                        1209..1213,
                                                                                                                    ),
                                                                                                                },
                                                                                                                1205..1213,
                                                                                                            ),
                                                                                                        ),
                                                                                                        1205..1213,
                                                                                                    ),
                                                                                                    op: Spanned(
                                                                                                        Mul,
                                                                                                        1214..1215,
                                                                                                    ),
                                                                                                    right: Spanned(
                                                                                                        Port(
                                                                                                            Spanned(
                                                                                                                PortRef {
                                                                                                                    parts: [
                                                                                                                        Spanned(
                                                                                                                            "r_top",
                                                                                                                            1216..1221,
                                                                                                                        ),
                                                                                                                        Spanned(
                                                                                                                            "value",
                                                                                                                            1222..1227,
                                                                                                                        ),
                                                                                                                    ],
                                                                                                                },
                                                                                                                1216..1227,
                                                                                                            ),
                                                                                                        ),
                                                                                                        1216..1227,
                                                                                                    ),
                                                                                                },
                                                                                                1205..1227,
                                                                                            ),
                                                                                        ),
                                                                                        1205..1227,
                                                                                    ),
                                                                                    op: Spanned(
                                                                                        Mul,
                                                                                        1228..1229,
                                                                                    ),
                                                                                    right: Spanned(
                                                                                        Port(
                                                                                            Spanned(
                                                                                                PortRef {
                                                                                                    parts: [
                                                                                                        Spanned(
                                                                                                            "cap",
                                                                                                            1230..1233,
                                                                                                        ),
                                                                                                        Spanned(
                                                                                                            "value",
                                                                                                            1234..1239,
                                                                                                        ),
                                                                                                    ],
                                                                                                },
                                                                                                1230..1239,
                                                                                            ),
                                                                                        ),
                                                                                        1230..1239,
                                                                                    ),
                                                                                },
                                                                                1205..1239,
                                                                            ),
                                                                        ),
                                                                        1205..1239,
                                                                    ),
                                                                },
                                                                1200..1240,
                                                            ),
                                                        ),
                                                        1200..1240,
                                                    ),
                                                    op: Spanned(
                                                        Within,
                                                        1241..1247,
                                                    ),
                                                    right: Spanned(
                                                        Port(
                                                            Spanned(
                                                                PortRef {
                                                                    parts: [
                                                                        Spanned(
                                                                            "cutoff_frequency",
                                                                            1248..1264,
                                                                        ),
                                                                    ],
                                                                },
                                                                1248..1264,
                                                            ),
                                                        ),
                                                        1248..1264,
                                                    ),
                                                },
                                                1200..1264,
                                            ),
                                        ),
                                        1200..1264,
                                    ),
                                },
                            ),
                            1193..1264,
                        ),
                    ],
                },
            ),
            975..1265,
        ),
    ],
    [],
)
