---
source: crates/atopile_parser/tests/parser.rs
expression: output
---
(
    [
        Spanned(
            DepImport(
                DepImportStmt {
                    name: Spanned(
                        Symbol(
                            "Resistor",
                        ),
                        7..15,
                    ),
                    from_path: Spanned(
                        "resistors.ato",
                        21..36,
                    ),
                },
            ),
            0..36,
        ),
        Spanned(
            DepImport(
                DepImportStmt {
                    name: Spanned(
                        Symbol(
                            "Capacitor",
                        ),
                        44..53,
                    ),
                    from_path: Spanned(
                        "capacitors.ato",
                        59..75,
                    ),
                },
            ),
            37..75,
        ),
        Spanned(
            DepImport(
                DepImportStmt {
                    name: Spanned(
                        Symbol(
                            "Power",
                        ),
                        83..88,
                    ),
                    from_path: Spanned(
                        "interfaces.ato",
                        94..110,
                    ),
                },
            ),
            76..110,
        ),
        Spanned(
            DepImport(
                DepImportStmt {
                    name: Spanned(
                        Symbol(
                            "Pair",
                        ),
                        118..122,
                    ),
                    from_path: Spanned(
                        "interfaces.ato",
                        128..144,
                    ),
                },
            ),
            111..144,
        ),
        Spanned(
            Block(
                BlockStmt {
                    kind: Spanned(
                        Module,
                        146..152,
                    ),
                    name: Spanned(
                        Symbol(
                            "VDiv",
                        ),
                        153..157,
                    ),
                    parent: Some(
                        Spanned(
                            Symbol(
                                "_VDiv",
                            ),
                            163..168,
                        ),
                    ),
                    body: [
                        Spanned(
                            Attribute(
                                AttributeStmt {
                                    name: Spanned(
                                        Symbol(
                                            "r_total",
                                        ),
                                        174..181,
                                    ),
                                    type_info: Spanned(
                                        Symbol(
                                            "resistance",
                                        ),
                                        183..193,
                                    ),
                                    value: None,
                                },
                            ),
                            174..193,
                        ),
                        Spanned(
                            Comment(
                                CommentStmt {
                                    comment: Spanned(
                                        " ratio: None",
                                        198..211,
                                    ),
                                },
                            ),
                            198..211,
                        ),
                        Spanned(
                            Attribute(
                                AttributeStmt {
                                    name: Spanned(
                                        Symbol(
                                            "v_in",
                                        ),
                                        216..220,
                                    ),
                                    type_info: Spanned(
                                        Symbol(
                                            "voltage",
                                        ),
                                        222..229,
                                    ),
                                    value: None,
                                },
                            ),
                            216..229,
                        ),
                        Spanned(
                            Attribute(
                                AttributeStmt {
                                    name: Spanned(
                                        Symbol(
                                            "v_out",
                                        ),
                                        234..239,
                                    ),
                                    type_info: Spanned(
                                        Symbol(
                                            "voltage",
                                        ),
                                        241..248,
                                    ),
                                    value: None,
                                },
                            ),
                            234..248,
                        ),
                        Spanned(
                            Attribute(
                                AttributeStmt {
                                    name: Spanned(
                                        Symbol(
                                            "i_q",
                                        ),
                                        253..256,
                                    ),
                                    type_info: Spanned(
                                        Symbol(
                                            "current",
                                        ),
                                        258..265,
                                    ),
                                    value: None,
                                },
                            ),
                            253..265,
                        ),
                        Spanned(
                            Assign(
                                AssignStmt {
                                    target: Spanned(
                                        PortRef {
                                            parts: [
                                                Spanned(
                                                    "i_q",
                                                    271..274,
                                                ),
                                            ],
                                        },
                                        271..274,
                                    ),
                                    type_info: None,
                                    value: Spanned(
                                        Physical(
                                            Spanned(
                                                PhysicalValue {
                                                    value: Spanned(
                                                        "100uA ",
                                                        277..280,
                                                    ),
                                                    unit: None,
                                                    tolerance: None,
                                                },
                                                277..282,
                                            ),
                                        ),
                                        277..282,
                                    ),
                                },
                            ),
                            271..282,
                        ),
                        Spanned(
                            Comment(
                                CommentStmt {
                                    comment: Spanned(
                                        " assert r_top.value / r_bottom.value within ratio",
                                        296..346,
                                    ),
                                },
                            ),
                            296..346,
                        ),
                        Spanned(
                            Comment(
                                CommentStmt {
                                    comment: Spanned(
                                        " assert r_top.value + r_bottom.value within r_total",
                                        351..403,
                                    ),
                                },
                            ),
                            351..403,
                        ),
                        Spanned(
                            Assert(
                                AssertStmt {
                                    expr: Spanned(
                                        BinaryOp(
                                            Spanned(
                                                BinaryOp {
                                                    left: Spanned(
                                                        BinaryOp(
                                                            Spanned(
                                                                BinaryOp {
                                                                    left: Spanned(
                                                                        BinaryOp(
                                                                            Spanned(
                                                                                BinaryOp {
                                                                                    left: Spanned(
                                                                                        Port(
                                                                                            Spanned(
                                                                                                PortRef {
                                                                                                    parts: [
                                                                                                        Spanned(
                                                                                                            "v_in",
                                                                                                            0..1,
                                                                                                        ),
                                                                                                    ],
                                                                                                },
                                                                                                0..1,
                                                                                            ),
                                                                                        ),
                                                                                        0..1,
                                                                                    ),
                                                                                    op: Spanned(
                                                                                        Mul,
                                                                                        1..2,
                                                                                    ),
                                                                                    right: Spanned(
                                                                                        Port(
                                                                                            Spanned(
                                                                                                PortRef {
                                                                                                    parts: [
                                                                                                        Spanned(
                                                                                                            "r_bottom",
                                                                                                            2..3,
                                                                                                        ),
                                                                                                        Spanned(
                                                                                                            "value",
                                                                                                            4..5,
                                                                                                        ),
                                                                                                    ],
                                                                                                },
                                                                                                2..5,
                                                                                            ),
                                                                                        ),
                                                                                        2..5,
                                                                                    ),
                                                                                },
                                                                                0..5,
                                                                            ),
                                                                        ),
                                                                        0..5,
                                                                    ),
                                                                    op: Spanned(
                                                                        Div,
                                                                        5..6,
                                                                    ),
                                                                    right: Spanned(
                                                                        BinaryOp(
                                                                            Spanned(
                                                                                BinaryOp {
                                                                                    left: Spanned(
                                                                                        Port(
                                                                                            Spanned(
                                                                                                PortRef {
                                                                                                    parts: [
                                                                                                        Spanned(
                                                                                                            "r_top",
                                                                                                            7..8,
                                                                                                        ),
                                                                                                        Spanned(
                                                                                                            "value",
                                                                                                            9..10,
                                                                                                        ),
                                                                                                    ],
                                                                                                },
                                                                                                7..10,
                                                                                            ),
                                                                                        ),
                                                                                        7..10,
                                                                                    ),
                                                                                    op: Spanned(
                                                                                        Add,
                                                                                        10..11,
                                                                                    ),
                                                                                    right: Spanned(
                                                                                        Port(
                                                                                            Spanned(
                                                                                                PortRef {
                                                                                                    parts: [
                                                                                                        Spanned(
                                                                                                            "r_bottom",
                                                                                                            11..12,
                                                                                                        ),
                                                                                                        Spanned(
                                                                                                            "value",
                                                                                                            13..14,
                                                                                                        ),
                                                                                                    ],
                                                                                                },
                                                                                                11..14,
                                                                                            ),
                                                                                        ),
                                                                                        11..14,
                                                                                    ),
                                                                                },
                                                                                7..14,
                                                                            ),
                                                                        ),
                                                                        7..14,
                                                                    ),
                                                                },
                                                                0..14,
                                                            ),
                                                        ),
                                                        0..14,
                                                    ),
                                                    op: Spanned(
                                                        Within,
                                                        15..16,
                                                    ),
                                                    right: Spanned(
                                                        Port(
                                                            Spanned(
                                                                PortRef {
                                                                    parts: [
                                                                        Spanned(
                                                                            "v_out",
                                                                            16..17,
                                                                        ),
                                                                    ],
                                                                },
                                                                16..17,
                                                            ),
                                                        ),
                                                        16..17,
                                                    ),
                                                },
                                                0..17,
                                            ),
                                        ),
                                        415..482,
                                    ),
                                },
                            ),
                            408..482,
                        ),
                        Spanned(
                            Assert(
                                AssertStmt {
                                    expr: Spanned(
                                        BinaryOp(
                                            Spanned(
                                                BinaryOp {
                                                    left: Spanned(
                                                        BinaryOp(
                                                            Spanned(
                                                                BinaryOp {
                                                                    left: Spanned(
                                                                        Port(
                                                                            Spanned(
                                                                                PortRef {
                                                                                    parts: [
                                                                                        Spanned(
                                                                                            "v_in",
                                                                                            0..1,
                                                                                        ),
                                                                                    ],
                                                                                },
                                                                                0..1,
                                                                            ),
                                                                        ),
                                                                        0..1,
                                                                    ),
                                                                    op: Spanned(
                                                                        Div,
                                                                        1..2,
                                                                    ),
                                                                    right: Spanned(
                                                                        BinaryOp(
                                                                            Spanned(
                                                                                BinaryOp {
                                                                                    left: Spanned(
                                                                                        Port(
                                                                                            Spanned(
                                                                                                PortRef {
                                                                                                    parts: [
                                                                                                        Spanned(
                                                                                                            "r_bottom",
                                                                                                            3..4,
                                                                                                        ),
                                                                                                        Spanned(
                                                                                                            "value",
                                                                                                            5..6,
                                                                                                        ),
                                                                                                    ],
                                                                                                },
                                                                                                3..6,
                                                                                            ),
                                                                                        ),
                                                                                        3..6,
                                                                                    ),
                                                                                    op: Spanned(
                                                                                        Add,
                                                                                        6..7,
                                                                                    ),
                                                                                    right: Spanned(
                                                                                        Port(
                                                                                            Spanned(
                                                                                                PortRef {
                                                                                                    parts: [
                                                                                                        Spanned(
                                                                                                            "r_top",
                                                                                                            7..8,
                                                                                                        ),
                                                                                                        Spanned(
                                                                                                            "value",
                                                                                                            9..10,
                                                                                                        ),
                                                                                                    ],
                                                                                                },
                                                                                                7..10,
                                                                                            ),
                                                                                        ),
                                                                                        7..10,
                                                                                    ),
                                                                                },
                                                                                3..10,
                                                                            ),
                                                                        ),
                                                                        3..10,
                                                                    ),
                                                                },
                                                                0..10,
                                                            ),
                                                        ),
                                                        0..10,
                                                    ),
                                                    op: Spanned(
                                                        Within,
                                                        11..12,
                                                    ),
                                                    right: Spanned(
                                                        Port(
                                                            Spanned(
                                                                PortRef {
                                                                    parts: [
                                                                        Spanned(
                                                                            "i_q",
                                                                            12..13,
                                                                        ),
                                                                    ],
                                                                },
                                                                12..13,
                                                            ),
                                                        ),
                                                        12..13,
                                                    ),
                                                },
                                                0..13,
                                            ),
                                        ),
                                        494..542,
                                    ),
                                },
                            ),
                            487..542,
                        ),
                    ],
                },
            ),
            146..545,
        ),
        Spanned(
            Block(
                BlockStmt {
                    kind: Spanned(
                        Module,
                        545..551,
                    ),
                    name: Spanned(
                        Symbol(
                            "_VDiv",
                        ),
                        552..557,
                    ),
                    parent: None,
                    body: [
                        Spanned(
                            Signal(
                                SignalStmt {
                                    name: Spanned(
                                        Symbol(
                                            "top",
                                        ),
                                        570..573,
                                    ),
                                },
                            ),
                            563..573,
                        ),
                        Spanned(
                            Signal(
                                SignalStmt {
                                    name: Spanned(
                                        Symbol(
                                            "out",
                                        ),
                                        585..588,
                                    ),
                                },
                            ),
                            578..588,
                        ),
                        Spanned(
                            Signal(
                                SignalStmt {
                                    name: Spanned(
                                        Symbol(
                                            "bottom",
                                        ),
                                        600..606,
                                    ),
                                },
                            ),
                            593..606,
                        ),
                        Spanned(
                            Assign(
                                AssignStmt {
                                    target: Spanned(
                                        PortRef {
                                            parts: [
                                                Spanned(
                                                    "output",
                                                    612..618,
                                                ),
                                            ],
                                        },
                                        612..618,
                                    ),
                                    type_info: None,
                                    value: Spanned(
                                        New(
                                            Spanned(
                                                Symbol(
                                                    "Pair",
                                                ),
                                                1..2,
                                            ),
                                        ),
                                        621..629,
                                    ),
                                },
                            ),
                            612..629,
                        ),
                        Spanned(
                            Connect(
                                ConnectStmt {
                                    left: Spanned(
                                        Port(
                                            Spanned(
                                                PortRef {
                                                    parts: [
                                                        Spanned(
                                                            "output",
                                                            634..640,
                                                        ),
                                                        Spanned(
                                                            "io",
                                                            641..643,
                                                        ),
                                                    ],
                                                },
                                                634..643,
                                            ),
                                        ),
                                        634..643,
                                    ),
                                    right: Spanned(
                                        Port(
                                            Spanned(
                                                PortRef {
                                                    parts: [
                                                        Spanned(
                                                            "out",
                                                            646..649,
                                                        ),
                                                    ],
                                                },
                                                646..649,
                                            ),
                                        ),
                                        646..649,
                                    ),
                                },
                            ),
                            634..649,
                        ),
                        Spanned(
                            Connect(
                                ConnectStmt {
                                    left: Spanned(
                                        Port(
                                            Spanned(
                                                PortRef {
                                                    parts: [
                                                        Spanned(
                                                            "output",
                                                            654..660,
                                                        ),
                                                        Spanned(
                                                            "gnd",
                                                            661..664,
                                                        ),
                                                    ],
                                                },
                                                654..664,
                                            ),
                                        ),
                                        654..664,
                                    ),
                                    right: Spanned(
                                        Port(
                                            Spanned(
                                                PortRef {
                                                    parts: [
                                                        Spanned(
                                                            "bottom",
                                                            667..673,
                                                        ),
                                                    ],
                                                },
                                                667..673,
                                            ),
                                        ),
                                        667..673,
                                    ),
                                },
                            ),
                            654..673,
                        ),
                        Spanned(
                            Assign(
                                AssignStmt {
                                    target: Spanned(
                                        PortRef {
                                            parts: [
                                                Spanned(
                                                    "in",
                                                    679..681,
                                                ),
                                            ],
                                        },
                                        679..681,
                                    ),
                                    type_info: None,
                                    value: Spanned(
                                        New(
                                            Spanned(
                                                Symbol(
                                                    "Power",
                                                ),
                                                1..2,
                                            ),
                                        ),
                                        684..702,
                                    ),
                                },
                            ),
                            679..702,
                        ),
                        Spanned(
                            Assign(
                                AssignStmt {
                                    target: Spanned(
                                        PortRef {
                                            parts: [
                                                Spanned(
                                                    "power",
                                                    707..712,
                                                ),
                                            ],
                                        },
                                        707..712,
                                    ),
                                    type_info: None,
                                    value: Spanned(
                                        New(
                                            Spanned(
                                                Symbol(
                                                    "Power",
                                                ),
                                                1..2,
                                            ),
                                        ),
                                        715..724,
                                    ),
                                },
                            ),
                            707..724,
                        ),
                        Spanned(
                            Connect(
                                ConnectStmt {
                                    left: Spanned(
                                        Port(
                                            Spanned(
                                                PortRef {
                                                    parts: [
                                                        Spanned(
                                                            "in",
                                                            729..731,
                                                        ),
                                                    ],
                                                },
                                                729..731,
                                            ),
                                        ),
                                        729..731,
                                    ),
                                    right: Spanned(
                                        Port(
                                            Spanned(
                                                PortRef {
                                                    parts: [
                                                        Spanned(
                                                            "power",
                                                            734..739,
                                                        ),
                                                    ],
                                                },
                                                734..739,
                                            ),
                                        ),
                                        734..739,
                                    ),
                                },
                            ),
                            729..739,
                        ),
                        Spanned(
                            Connect(
                                ConnectStmt {
                                    left: Spanned(
                                        Port(
                                            Spanned(
                                                PortRef {
                                                    parts: [
                                                        Spanned(
                                                            "power",
                                                            744..749,
                                                        ),
                                                        Spanned(
                                                            "vcc",
                                                            750..753,
                                                        ),
                                                    ],
                                                },
                                                744..753,
                                            ),
                                        ),
                                        744..753,
                                    ),
                                    right: Spanned(
                                        Port(
                                            Spanned(
                                                PortRef {
                                                    parts: [
                                                        Spanned(
                                                            "top",
                                                            756..759,
                                                        ),
                                                    ],
                                                },
                                                756..759,
                                            ),
                                        ),
                                        756..759,
                                    ),
                                },
                            ),
                            744..759,
                        ),
                        Spanned(
                            Connect(
                                ConnectStmt {
                                    left: Spanned(
                                        Port(
                                            Spanned(
                                                PortRef {
                                                    parts: [
                                                        Spanned(
                                                            "power",
                                                            764..769,
                                                        ),
                                                        Spanned(
                                                            "gnd",
                                                            770..773,
                                                        ),
                                                    ],
                                                },
                                                764..773,
                                            ),
                                        ),
                                        764..773,
                                    ),
                                    right: Spanned(
                                        Port(
                                            Spanned(
                                                PortRef {
                                                    parts: [
                                                        Spanned(
                                                            "bottom",
                                                            776..782,
                                                        ),
                                                    ],
                                                },
                                                776..782,
                                            ),
                                        ),
                                        776..782,
                                    ),
                                },
                            ),
                            764..782,
                        ),
                        Spanned(
                            Assign(
                                AssignStmt {
                                    target: Spanned(
                                        PortRef {
                                            parts: [
                                                Spanned(
                                                    "r_top",
                                                    788..793,
                                                ),
                                            ],
                                        },
                                        788..793,
                                    ),
                                    type_info: None,
                                    value: Spanned(
                                        New(
                                            Spanned(
                                                Symbol(
                                                    "Resistor",
                                                ),
                                                1..2,
                                            ),
                                        ),
                                        796..808,
                                    ),
                                },
                            ),
                            788..808,
                        ),
                        Spanned(
                            Assign(
                                AssignStmt {
                                    target: Spanned(
                                        PortRef {
                                            parts: [
                                                Spanned(
                                                    "r_bottom",
                                                    813..821,
                                                ),
                                            ],
                                        },
                                        813..821,
                                    ),
                                    type_info: None,
                                    value: Spanned(
                                        New(
                                            Spanned(
                                                Symbol(
                                                    "Resistor",
                                                ),
                                                1..2,
                                            ),
                                        ),
                                        824..836,
                                    ),
                                },
                            ),
                            813..836,
                        ),
                        Spanned(
                            Assign(
                                AssignStmt {
                                    target: Spanned(
                                        PortRef {
                                            parts: [
                                                Spanned(
                                                    "r_top",
                                                    841..846,
                                                ),
                                                Spanned(
                                                    "package",
                                                    847..854,
                                                ),
                                            ],
                                        },
                                        841..854,
                                    ),
                                    type_info: None,
                                    value: Spanned(
                                        String(
                                            Spanned(
                                                "0402",
                                                857..863,
                                            ),
                                        ),
                                        857..863,
                                    ),
                                },
                            ),
                            841..863,
                        ),
                        Spanned(
                            Assign(
                                AssignStmt {
                                    target: Spanned(
                                        PortRef {
                                            parts: [
                                                Spanned(
                                                    "r_bottom",
                                                    868..876,
                                                ),
                                                Spanned(
                                                    "package",
                                                    877..884,
                                                ),
                                            ],
                                        },
                                        868..884,
                                    ),
                                    type_info: None,
                                    value: Spanned(
                                        String(
                                            Spanned(
                                                "0402",
                                                887..893,
                                            ),
                                        ),
                                        887..893,
                                    ),
                                },
                            ),
                            868..893,
                        ),
                        Spanned(
                            Connect(
                                ConnectStmt {
                                    left: Spanned(
                                        Port(
                                            Spanned(
                                                PortRef {
                                                    parts: [
                                                        Spanned(
                                                            "top",
                                                            899..902,
                                                        ),
                                                    ],
                                                },
                                                899..902,
                                            ),
                                        ),
                                        899..902,
                                    ),
                                    right: Spanned(
                                        Port(
                                            Spanned(
                                                PortRef {
                                                    parts: [
                                                        Spanned(
                                                            "r_top",
                                                            905..910,
                                                        ),
                                                        Spanned(
                                                            "1",
                                                            911..912,
                                                        ),
                                                    ],
                                                },
                                                905..912,
                                            ),
                                        ),
                                        905..912,
                                    ),
                                },
                            ),
                            899..912,
                        ),
                        Spanned(
                            Connect(
                                ConnectStmt {
                                    left: Spanned(
                                        Port(
                                            Spanned(
                                                PortRef {
                                                    parts: [
                                                        Spanned(
                                                            "r_top",
                                                            914..919,
                                                        ),
                                                        Spanned(
                                                            "2",
                                                            920..921,
                                                        ),
                                                    ],
                                                },
                                                914..921,
                                            ),
                                        ),
                                        914..921,
                                    ),
                                    right: Spanned(
                                        Port(
                                            Spanned(
                                                PortRef {
                                                    parts: [
                                                        Spanned(
                                                            "r_bottom",
                                                            924..932,
                                                        ),
                                                        Spanned(
                                                            "1",
                                                            933..934,
                                                        ),
                                                    ],
                                                },
                                                924..934,
                                            ),
                                        ),
                                        924..934,
                                    ),
                                },
                            ),
                            914..934,
                        ),
                        Spanned(
                            Connect(
                                ConnectStmt {
                                    left: Spanned(
                                        Port(
                                            Spanned(
                                                PortRef {
                                                    parts: [
                                                        Spanned(
                                                            "r_bottom",
                                                            936..944,
                                                        ),
                                                        Spanned(
                                                            "2",
                                                            945..946,
                                                        ),
                                                    ],
                                                },
                                                936..946,
                                            ),
                                        ),
                                        936..946,
                                    ),
                                    right: Spanned(
                                        Port(
                                            Spanned(
                                                PortRef {
                                                    parts: [
                                                        Spanned(
                                                            "bottom",
                                                            949..955,
                                                        ),
                                                    ],
                                                },
                                                949..955,
                                            ),
                                        ),
                                        949..955,
                                    ),
                                },
                            ),
                            936..955,
                        ),
                        Spanned(
                            Connect(
                                ConnectStmt {
                                    left: Spanned(
                                        Port(
                                            Spanned(
                                                PortRef {
                                                    parts: [
                                                        Spanned(
                                                            "r_top",
                                                            960..965,
                                                        ),
                                                        Spanned(
                                                            "2",
                                                            966..967,
                                                        ),
                                                    ],
                                                },
                                                960..967,
                                            ),
                                        ),
                                        960..967,
                                    ),
                                    right: Spanned(
                                        Port(
                                            Spanned(
                                                PortRef {
                                                    parts: [
                                                        Spanned(
                                                            "out",
                                                            970..973,
                                                        ),
                                                    ],
                                                },
                                                970..973,
                                            ),
                                        ),
                                        970..973,
                                    ),
                                },
                            ),
                            960..973,
                        ),
                    ],
                },
            ),
            545..975,
        ),
        Spanned(
            Block(
                BlockStmt {
                    kind: Spanned(
                        Module,
                        975..981,
                    ),
                    name: Spanned(
                        Symbol(
                            "VDivLowPassFilter",
                        ),
                        982..999,
                    ),
                    parent: Some(
                        Spanned(
                            Symbol(
                                "VDiv",
                            ),
                            1005..1009,
                        ),
                    ),
                    body: [
                        Spanned(
                            Assign(
                                AssignStmt {
                                    target: Spanned(
                                        PortRef {
                                            parts: [
                                                Spanned(
                                                    "cap",
                                                    1015..1018,
                                                ),
                                            ],
                                        },
                                        1015..1018,
                                    ),
                                    type_info: None,
                                    value: Spanned(
                                        New(
                                            Spanned(
                                                Symbol(
                                                    "Capacitor",
                                                ),
                                                1..2,
                                            ),
                                        ),
                                        1021..1034,
                                    ),
                                },
                            ),
                            1015..1034,
                        ),
                        Spanned(
                            Assign(
                                AssignStmt {
                                    target: Spanned(
                                        PortRef {
                                            parts: [
                                                Spanned(
                                                    "cap",
                                                    1039..1042,
                                                ),
                                                Spanned(
                                                    "package",
                                                    1043..1050,
                                                ),
                                            ],
                                        },
                                        1039..1050,
                                    ),
                                    type_info: None,
                                    value: Spanned(
                                        String(
                                            Spanned(
                                                "0402",
                                                1053..1059,
                                            ),
                                        ),
                                        1053..1059,
                                    ),
                                },
                            ),
                            1039..1059,
                        ),
                        Spanned(
                            Attribute(
                                AttributeStmt {
                                    name: Spanned(
                                        Symbol(
                                            "cutoff_frequency",
                                        ),
                                        1064..1080,
                                    ),
                                    type_info: Spanned(
                                        Symbol(
                                            "frequency",
                                        ),
                                        1082..1091,
                                    ),
                                    value: None,
                                },
                            ),
                            1064..1091,
                        ),
                        Spanned(
                            Connect(
                                ConnectStmt {
                                    left: Spanned(
                                        Port(
                                            Spanned(
                                                PortRef {
                                                    parts: [
                                                        Spanned(
                                                            "out",
                                                            1097..1100,
                                                        ),
                                                    ],
                                                },
                                                1097..1100,
                                            ),
                                        ),
                                        1097..1100,
                                    ),
                                    right: Spanned(
                                        Port(
                                            Spanned(
                                                PortRef {
                                                    parts: [
                                                        Spanned(
                                                            "cap",
                                                            1103..1106,
                                                        ),
                                                        Spanned(
                                                            "1",
                                                            1107..1108,
                                                        ),
                                                    ],
                                                },
                                                1103..1108,
                                            ),
                                        ),
                                        1103..1108,
                                    ),
                                },
                            ),
                            1097..1108,
                        ),
                        Spanned(
                            Connect(
                                ConnectStmt {
                                    left: Spanned(
                                        Port(
                                            Spanned(
                                                PortRef {
                                                    parts: [
                                                        Spanned(
                                                            "cap",
                                                            1110..1113,
                                                        ),
                                                        Spanned(
                                                            "2",
                                                            1114..1115,
                                                        ),
                                                    ],
                                                },
                                                1110..1115,
                                            ),
                                        ),
                                        1110..1115,
                                    ),
                                    right: Spanned(
                                        Port(
                                            Spanned(
                                                PortRef {
                                                    parts: [
                                                        Spanned(
                                                            "bottom",
                                                            1118..1124,
                                                        ),
                                                    ],
                                                },
                                                1118..1124,
                                            ),
                                        ),
                                        1118..1124,
                                    ),
                                },
                            ),
                            1110..1124,
                        ),
                        Spanned(
                            Assign(
                                AssignStmt {
                                    target: Spanned(
                                        PortRef {
                                            parts: [
                                                Spanned(
                                                    "cap",
                                                    1129..1132,
                                                ),
                                                Spanned(
                                                    "value",
                                                    1133..1138,
                                                ),
                                            ],
                                        },
                                        1129..1138,
                                    ),
                                    type_info: None,
                                    value: Spanned(
                                        Physical(
                                            Spanned(
                                                PhysicalValue {
                                                    value: Spanned(
                                                        "100nF ",
                                                        1141..1144,
                                                    ),
                                                    unit: None,
                                                    tolerance: None,
                                                },
                                                1141..1146,
                                            ),
                                        ),
                                        1141..1146,
                                    ),
                                },
                            ),
                            1129..1146,
                        ),
                        Spanned(
                            Attribute(
                                AttributeStmt {
                                    name: Spanned(
                                        Symbol(
                                            "cutoff_frequency",
                                        ),
                                        1160..1176,
                                    ),
                                    type_info: Spanned(
                                        Symbol(
                                            "frequency",
                                        ),
                                        1178..1187,
                                    ),
                                    value: None,
                                },
                            ),
                            1160..1187,
                        ),
                        Spanned(
                            Assert(
                                AssertStmt {
                                    expr: Spanned(
                                        BinaryOp(
                                            Spanned(
                                                BinaryOp {
                                                    left: Spanned(
                                                        BinaryOp(
                                                            Spanned(
                                                                BinaryOp {
                                                                    left: Spanned(
                                                                        Physical(
                                                                            Spanned(
                                                                                PhysicalValue {
                                                                                    value: Spanned(
                                                                                        "1",
                                                                                        0..1,
                                                                                    ),
                                                                                    unit: None,
                                                                                    tolerance: None,
                                                                                },
                                                                                0..1,
                                                                            ),
                                                                        ),
                                                                        0..1,
                                                                    ),
                                                                    op: Spanned(
                                                                        Div,
                                                                        1..2,
                                                                    ),
                                                                    right: Spanned(
                                                                        BinaryOp(
                                                                            Spanned(
                                                                                BinaryOp {
                                                                                    left: Spanned(
                                                                                        BinaryOp(
                                                                                            Spanned(
                                                                                                BinaryOp {
                                                                                                    left: Spanned(
                                                                                                        BinaryOp(
                                                                                                            Spanned(
                                                                                                                BinaryOp {
                                                                                                                    left: Spanned(
                                                                                                                        Physical(
                                                                                                                            Spanned(
                                                                                                                                PhysicalValue {
                                                                                                                                    value: Spanned(
                                                                                                                                        "2",
                                                                                                                                        3..4,
                                                                                                                                    ),
                                                                                                                                    unit: None,
                                                                                                                                    tolerance: None,
                                                                                                                                },
                                                                                                                                3..4,
                                                                                                                            ),
                                                                                                                        ),
                                                                                                                        3..4,
                                                                                                                    ),
                                                                                                                    op: Spanned(
                                                                                                                        Mul,
                                                                                                                        4..5,
                                                                                                                    ),
                                                                                                                    right: Spanned(
                                                                                                                        Physical(
                                                                                                                            Spanned(
                                                                                                                                PhysicalValue {
                                                                                                                                    value: Spanned(
                                                                                                                                        "3.14",
                                                                                                                                        5..6,
                                                                                                                                    ),
                                                                                                                                    unit: None,
                                                                                                                                    tolerance: None,
                                                                                                                                },
                                                                                                                                5..6,
                                                                                                                            ),
                                                                                                                        ),
                                                                                                                        5..6,
                                                                                                                    ),
                                                                                                                },
                                                                                                                3..6,
                                                                                                            ),
                                                                                                        ),
                                                                                                        3..6,
                                                                                                    ),
                                                                                                    op: Spanned(
                                                                                                        Mul,
                                                                                                        6..7,
                                                                                                    ),
                                                                                                    right: Spanned(
                                                                                                        Port(
                                                                                                            Spanned(
                                                                                                                PortRef {
                                                                                                                    parts: [
                                                                                                                        Spanned(
                                                                                                                            "r_top",
                                                                                                                            7..8,
                                                                                                                        ),
                                                                                                                        Spanned(
                                                                                                                            "value",
                                                                                                                            9..10,
                                                                                                                        ),
                                                                                                                    ],
                                                                                                                },
                                                                                                                7..10,
                                                                                                            ),
                                                                                                        ),
                                                                                                        7..10,
                                                                                                    ),
                                                                                                },
                                                                                                3..10,
                                                                                            ),
                                                                                        ),
                                                                                        3..10,
                                                                                    ),
                                                                                    op: Spanned(
                                                                                        Mul,
                                                                                        10..11,
                                                                                    ),
                                                                                    right: Spanned(
                                                                                        Port(
                                                                                            Spanned(
                                                                                                PortRef {
                                                                                                    parts: [
                                                                                                        Spanned(
                                                                                                            "cap",
                                                                                                            11..12,
                                                                                                        ),
                                                                                                        Spanned(
                                                                                                            "value",
                                                                                                            13..14,
                                                                                                        ),
                                                                                                    ],
                                                                                                },
                                                                                                11..14,
                                                                                            ),
                                                                                        ),
                                                                                        11..14,
                                                                                    ),
                                                                                },
                                                                                3..14,
                                                                            ),
                                                                        ),
                                                                        3..14,
                                                                    ),
                                                                },
                                                                0..14,
                                                            ),
                                                        ),
                                                        0..14,
                                                    ),
                                                    op: Spanned(
                                                        Within,
                                                        15..16,
                                                    ),
                                                    right: Spanned(
                                                        Port(
                                                            Spanned(
                                                                PortRef {
                                                                    parts: [
                                                                        Spanned(
                                                                            "cutoff_frequency",
                                                                            16..17,
                                                                        ),
                                                                    ],
                                                                },
                                                                16..17,
                                                            ),
                                                        ),
                                                        16..17,
                                                    ),
                                                },
                                                0..17,
                                            ),
                                        ),
                                        1200..1264,
                                    ),
                                },
                            ),
                            1193..1264,
                        ),
                    ],
                },
            ),
            975..1265,
        ),
    ],
    [
        Simple {
            span: 283..285,
            reason: Custom(
                "Expected statement",
            ),
            expected: {},
            found: None,
            label: None,
        },
        Simple {
            span: 291..292,
            reason: Custom(
                "Expected statement",
            ),
            expected: {},
            found: None,
            label: None,
        },
        Simple {
            span: 912..913,
            reason: Custom(
                "Expected statement",
            ),
            expected: {},
            found: None,
            label: None,
        },
        Simple {
            span: 934..935,
            reason: Custom(
                "Expected statement",
            ),
            expected: {},
            found: None,
            label: None,
        },
        Simple {
            span: 1108..1109,
            reason: Custom(
                "Expected statement",
            ),
            expected: {},
            found: None,
            label: None,
        },
        Simple {
            span: 1147..1150,
            reason: Custom(
                "Expected statement",
            ),
            expected: {},
            found: None,
            label: None,
        },
        Simple {
            span: 1155..1156,
            reason: Custom(
                "Expected statement",
            ),
            expected: {},
            found: None,
            label: None,
        },
    ],
)
