---
source: crates/atopile_parser/tests/parser.rs
expression: output
---
(
    [
        Spanned(
            Import(
                ImportStmt {
                    from_path: Spanned(
                        "generics/interfaces.ato",
                        5..30,
                    ),
                    imports: [
                        Spanned(
                            Symbol(
                                "Power",
                            ),
                            38..43,
                        ),
                        Spanned(
                            Symbol(
                                "I2C",
                            ),
                            45..48,
                        ),
                        Spanned(
                            Symbol(
                                "SPI",
                            ),
                            50..53,
                        ),
                        Spanned(
                            Symbol(
                                "GPIO",
                            ),
                            55..59,
                        ),
                    ],
                },
            ),
            0..59,
        ),
        Spanned(
            Import(
                ImportStmt {
                    from_path: Spanned(
                        "generics/capacitors.ato",
                        65..90,
                    ),
                    imports: [
                        Spanned(
                            Symbol(
                                "Capacitor",
                            ),
                            98..107,
                        ),
                    ],
                },
            ),
            60..107,
        ),
        Spanned(
            Import(
                ImportStmt {
                    from_path: Spanned(
                        "_BMA400/BMA400.ato",
                        113..133,
                    ),
                    imports: [
                        Spanned(
                            Symbol(
                                "BMA400",
                            ),
                            141..147,
                        ),
                    ],
                },
            ),
            108..147,
        ),
        Spanned(
            Block(
                BlockStmt {
                    kind: Spanned(
                        Module,
                        149..155,
                    ),
                    name: Spanned(
                        Symbol(
                            "Bma400",
                        ),
                        156..162,
                    ),
                    parent: None,
                    body: [
                        Spanned(
                            Comment(
                                CommentStmt {
                                    comment: Spanned(
                                        "Ultra-low power triaxial accelerometer driver module based on the BMA400 from Bosch.",
                                        171..255,
                                    ),
                                },
                            ),
                            171..255,
                        ),
                        Spanned(
                            Comment(
                                CommentStmt {
                                    comment: Spanned(
                                        "Features:",
                                        265..274,
                                    ),
                                },
                            ),
                            265..274,
                        ),
                        Spanned(
                            Comment(
                                CommentStmt {
                                    comment: Spanned(
                                        "- Ultra-low power consumption (14.5μA in normal mode, 850nA in low-power mode)",
                                        279..358,
                                    ),
                                },
                            ),
                            279..358,
                        ),
                        Spanned(
                            Comment(
                                CommentStmt {
                                    comment: Spanned(
                                        "- 12-bit digital resolution",
                                        363..390,
                                    ),
                                },
                            ),
                            363..390,
                        ),
                        Spanned(
                            Comment(
                                CommentStmt {
                                    comment: Spanned(
                                        "- Programmable measurement ranges: ±2g, ±4g, ±8g, ±16g",
                                        395..453,
                                    ),
                                },
                            ),
                            395..453,
                        ),
                        Spanned(
                            Comment(
                                CommentStmt {
                                    comment: Spanned(
                                        "- Built-in power management with auto wake-up/sleep capability",
                                        458..520,
                                    ),
                                },
                            ),
                            458..520,
                        ),
                        Spanned(
                            Comment(
                                CommentStmt {
                                    comment: Spanned(
                                        "- Integrated FIFO (1KB)",
                                        525..548,
                                    ),
                                },
                            ),
                            525..548,
                        ),
                        Spanned(
                            Comment(
                                CommentStmt {
                                    comment: Spanned(
                                        "- Smart interrupts including:",
                                        553..582,
                                    ),
                                },
                            ),
                            553..582,
                        ),
                        Spanned(
                            Comment(
                                CommentStmt {
                                    comment: Spanned(
                                        "- Activity/inactivity detection",
                                        589..620,
                                    ),
                                },
                            ),
                            589..620,
                        ),
                        Spanned(
                            Comment(
                                CommentStmt {
                                    comment: Spanned(
                                        "- Step counting with low power consumption (4μA)",
                                        627..676,
                                    ),
                                },
                            ),
                            627..676,
                        ),
                        Spanned(
                            Comment(
                                CommentStmt {
                                    comment: Spanned(
                                        "- Orientation detection",
                                        683..706,
                                    ),
                                },
                            ),
                            683..706,
                        ),
                        Spanned(
                            Comment(
                                CommentStmt {
                                    comment: Spanned(
                                        "- Tap/double-tap sensing",
                                        713..737,
                                    ),
                                },
                            ),
                            713..737,
                        ),
                        Spanned(
                            Comment(
                                CommentStmt {
                                    comment: Spanned(
                                        "- Digital interfaces: I2C or SPI",
                                        742..774,
                                    ),
                                },
                            ),
                            742..774,
                        ),
                        Spanned(
                            Comment(
                                CommentStmt {
                                    comment: Spanned(
                                        "- VDDIO voltage range: 1.2V to 3.6V",
                                        779..814,
                                    ),
                                },
                            ),
                            779..814,
                        ),
                        Spanned(
                            Comment(
                                CommentStmt {
                                    comment: Spanned(
                                        "- VDD voltage range: 1.7V to 3.6V",
                                        819..852,
                                    ),
                                },
                            ),
                            819..852,
                        ),
                        Spanned(
                            Comment(
                                CommentStmt {
                                    comment: Spanned(
                                        "Example Usage:",
                                        862..876,
                                    ),
                                },
                            ),
                            862..876,
                        ),
                        Spanned(
                            Comment(
                                CommentStmt {
                                    comment: Spanned(
                                        "```",
                                        881..884,
                                    ),
                                },
                            ),
                            881..884,
                        ),
                        Spanned(
                            Comment(
                                CommentStmt {
                                    comment: Spanned(
                                        "from 'generics/interfaces.ato' import Power, I2C, GPIO",
                                        889..943,
                                    ),
                                },
                            ),
                            889..943,
                        ),
                        Spanned(
                            Comment(
                                CommentStmt {
                                    comment: Spanned(
                                        "from 'bma400/bma400.ato' import Bma400, Bma400_I2C",
                                        948..998,
                                    ),
                                },
                            ),
                            948..998,
                        ),
                        Spanned(
                            Comment(
                                CommentStmt {
                                    comment: Spanned(
                                        "module UserBoard:",
                                        1008..1025,
                                    ),
                                },
                            ),
                            1008..1025,
                        ),
                        Spanned(
                            Comment(
                                CommentStmt {
                                    comment: Spanned(
                                        "'''User board with BMA400 accelerometer'''",
                                        1034..1076,
                                    ),
                                },
                            ),
                            1034..1076,
                        ),
                        Spanned(
                            Comment(
                                CommentStmt {
                                    comment: Spanned(
                                        "# Interfaces",
                                        1094..1106,
                                    ),
                                },
                            ),
                            1094..1106,
                        ),
                        Spanned(
                            Comment(
                                CommentStmt {
                                    comment: Spanned(
                                        "power_1v8 = new Power  # 1.8V power supply",
                                        1115..1157,
                                    ),
                                },
                            ),
                            1115..1157,
                        ),
                        Spanned(
                            Comment(
                                CommentStmt {
                                    comment: Spanned(
                                        "i2c = new I2C          # I2C bus",
                                        1166..1198,
                                    ),
                                },
                            ),
                            1166..1198,
                        ),
                        Spanned(
                            Comment(
                                CommentStmt {
                                    comment: Spanned(
                                        "int1 = new GPIO        # Interrupt 1 input",
                                        1207..1249,
                                    ),
                                },
                            ),
                            1207..1249,
                        ),
                        Spanned(
                            Comment(
                                CommentStmt {
                                    comment: Spanned(
                                        "# Accelerometer",
                                        1267..1282,
                                    ),
                                },
                            ),
                            1267..1282,
                        ),
                        Spanned(
                            Comment(
                                CommentStmt {
                                    comment: Spanned(
                                        "accel = new Bma400",
                                        1291..1309,
                                    ),
                                },
                            ),
                            1291..1309,
                        ),
                        Spanned(
                            Comment(
                                CommentStmt {
                                    comment: Spanned(
                                        "accel.ic -> Bma400_I2C  # Use I2C interface",
                                        1318..1361,
                                    ),
                                },
                            ),
                            1318..1361,
                        ),
                        Spanned(
                            Comment(
                                CommentStmt {
                                    comment: Spanned(
                                        "# Connections",
                                        1379..1392,
                                    ),
                                },
                            ),
                            1379..1392,
                        ),
                        Spanned(
                            Comment(
                                CommentStmt {
                                    comment: Spanned(
                                        "accel.power ~ power_1v8",
                                        1401..1424,
                                    ),
                                },
                            ),
                            1401..1424,
                        ),
                        Spanned(
                            Comment(
                                CommentStmt {
                                    comment: Spanned(
                                        "accel.i2c ~ i2c",
                                        1433..1448,
                                    ),
                                },
                            ),
                            1433..1448,
                        ),
                        Spanned(
                            Comment(
                                CommentStmt {
                                    comment: Spanned(
                                        "accel.int1 ~ int1",
                                        1457..1474,
                                    ),
                                },
                            ),
                            1457..1474,
                        ),
                        Spanned(
                            Comment(
                                CommentStmt {
                                    comment: Spanned(
                                        "```",
                                        1479..1482,
                                    ),
                                },
                            ),
                            1479..1482,
                        ),
                        Spanned(
                            Signal(
                                SignalStmt {
                                    name: Spanned(
                                        Symbol(
                                            "gnd",
                                        ),
                                        1507..1510,
                                    ),
                                },
                            ),
                            1500..1510,
                        ),
                    ],
                },
            ),
            149..1515,
        ),
    ],
    [],
)
